./openfm: version 0.5
Copyright (C) 2006 Slava Semushin <php-coder at altlinux.ru>
rc=0
