./openfm: Your private financial manager

Usage: ./openfm [option] [file]
  -v	enable verbose mode
  -V	print version and exit
  -h	print this help and exit
rc=0
