Finance statistics:
Profit:      0.00
Costs:       0.00
Balance:     0.00
rc=0
