Wrong argument for action "add": qwerty12345
rc=1
