Wrong argument for action "show": qwerty12345
rc=1
